== 0. Ausgangslage
50639a0b chore(einmal): Kaskade + Doppelklick-Datei fuer PDF lesen (Stufe 2A), git add -A und mkdir -p im Klon
== 1. Service-Worker-Cache +1 (gemessen am Live-Stand)
193:const CACHE_NAME = "smejj-shell-v743";
== 2. assets nachziehen, Start-Lock stempeln, Pruefungen
  sw.js
markenkette OK — 114 markierte Module, jedes mit genau EINER Marke und passendem Inhalt.
start-lock eingefroren: 34 Dateien, Manifest docs/frontend/start-lock-manifest.json, Backup backups/start-design-lock/2026-09-03T20-04-30-653Z/
start-lock OK — 34 Startseiten-Dateien byte-identisch zum eingefrorenen Stand (2026-09-03T20:04:30.653Z).
favicon-lock OK — 6 Dateien, 43 HTML-Seiten, Web-Manifest und Generatorquellen unverändert.
check:modul-syntax OK — 249 Module als ES-Module geparst (Arbeitsstand).
check:precache-imports OK — 175 Module erreichbar, Precache vollstaendig.
ℹ pass 36 ℹ fail 0 
== 3. Commit design-v11 (git add -A: neue Dateien kommen mit)
design-v11 c19a7e8b
== 4. Live stellen (Frontend-Klon, Fast-Forward) — Wurzel UND assets/, Unterordner mit mkdir -p
Klon d476645 gepusht
== 5. Ein-Buendel-Vertrag: dieselben Dateien in den Bauzweig (nur public/, docs/frontend, tests/)
github_kostenfrei: oeffentliches Repo (git@github.com:SmejjCom/smejj.com-app.git) — Actions dort kostenlos, keine Pruefung.
Bauzweig 1c75995f gepusht — Zeabur baut
github_kostenfrei: oeffentliches Repo (git@github.com:SmejjCom/smejj.com-app.git) — Actions dort kostenlos, keine Pruefung.
== 6. Live-Beweis (bis 3 Minuten)
23:05:25 smejj.com=smejj-shell-v743 pdfjs=200 leser=200 marke=1
FERTIG — PDF lesen live (smejj.com v743). Am iPhone: App schliessen, neu oeffnen, PDF anhaengen.
