== 0. Ausgangslage
aa9d1433 chore(einmal): Kaskade + Doppelklick-Datei fuer die drei Chat-Befunde am Handy (Stempel folgt per Betreiber-Doppelklick)
== 1. Service-Worker-Cache +1 (gemessen am Live-Stand)
193:const CACHE_NAME = "smejj-shell-v737";
== 2. Buendel + assets nachziehen, Start-Lock stempeln, Pruefungen
start-styles.css erzeugt — 15 Quelldateien, 144 KB.
  sw.js
markenkette OK — 111 markierte Module, jedes mit genau EINER Marke und passendem Inhalt.
start-lock eingefroren: 34 Dateien, Manifest docs/frontend/start-lock-manifest.json, Backup backups/start-design-lock/2026-09-03T12-43-02-863Z/
start-lock OK — 34 Startseiten-Dateien byte-identisch zum eingefrorenen Stand (2026-09-03T12:43:02.863Z).
favicon-lock OK — 6 Dateien, 43 HTML-Seiten, Web-Manifest und Generatorquellen unverändert.
check:modul-syntax OK — 245 Module als ES-Module geparst (Arbeitsstand).
check:precache-imports OK — 173 Module erreichbar, Precache vollstaendig.
ℹ pass 65 ℹ fail 0 
== 3. Commit design-v11
design-v11 ed7ecbb9
== 4. Live stellen (Frontend-Klon, Fast-Forward)
Klon cac28e4 gepusht
== 5. Ein-Buendel-Vertrag: dieselben Dateien in den Bauzweig (nur public/ + Start-Lock-Manifest)
github_kostenfrei: oeffentliches Repo (git@github.com:SmejjCom/smejj.com-app.git) — Actions dort kostenlos, keine Pruefung.
Bauzweig 4b10566e gepusht — Zeabur baut in unter einer Minute
github_kostenfrei: oeffentliches Repo (git@github.com:SmejjCom/smejj.com-app.git) — Actions dort kostenlos, keine Pruefung.
== 6. Live-Beweis (bis 3 Minuten)
15:43:44 smejj.com=smejj-shell-v736 api=smejj-shell-v736 buendel-fix=0 marke-in-index=0
15:44:00 smejj.com=smejj-shell-v737 api=smejj-shell-v736 buendel-fix=3 marke-in-index=2
15:44:26 smejj.com=smejj-shell-v737 api=smejj-shell-v736 buendel-fix=3 marke-in-index=2
15:44:42 smejj.com=smejj-shell-v737 api=smejj-shell-v736 buendel-fix=3 marke-in-index=2
15:44:56 smejj.com=smejj-shell-v737 api=smejj-shell-v736 buendel-fix=3 marke-in-index=2
15:45:12 smejj.com=smejj-shell-v737 api=smejj-shell-v737 buendel-fix=3 marke-in-index=2
FERTIG — Chat-Fixes live, beide Domains auf v737. Am iPhone: App schliessen und neu oeffnen (kein Neuinstallieren noetig).
