== 0. Ausgangslage
e5ff79a9 chore(assets): composer-anhang-chips.js unter public/assets/ angelegt (sync-assets legt bewusst keine neuen Dateien an)
== 1. Service-Worker-Cache +1 (gemessen am Live-Stand)
193:const CACHE_NAME = "smejj-shell-v742";
== 2. Buendel + assets nachziehen, Start-Lock stempeln, Pruefungen
start-styles.css erzeugt — 15 Quelldateien, 145 KB.
  sw.js
markenkette OK — 113 markierte Module, jedes mit genau EINER Marke und passendem Inhalt.
start-lock eingefroren: 34 Dateien, Manifest docs/frontend/start-lock-manifest.json, Backup backups/start-design-lock/2026-09-03T19-24-37-801Z/
start-lock OK — 34 Startseiten-Dateien byte-identisch zum eingefrorenen Stand (2026-09-03T19:24:37.801Z).
favicon-lock OK — 6 Dateien, 43 HTML-Seiten, Web-Manifest und Generatorquellen unverändert.
check:modul-syntax OK — 246 Module als ES-Module geparst (Arbeitsstand).
check:precache-imports OK — 175 Module erreichbar, Precache vollstaendig.
ℹ pass 48 ℹ fail 0 
== 3. Commit design-v11
design-v11 9e7eb2ca
== 4. Live stellen (Frontend-Klon, Fast-Forward)
Klon f96ad64 gepusht
== 5. Ein-Buendel-Vertrag: dieselben Dateien in den Bauzweig (nur public/, docs/frontend, tests/)
github_kostenfrei: oeffentliches Repo (git@github.com:SmejjCom/smejj.com-app.git) — Actions dort kostenlos, keine Pruefung.
Bauzweig b34b8b6c gepusht — Zeabur baut
github_kostenfrei: oeffentliches Repo (git@github.com:SmejjCom/smejj.com-app.git) — Actions dort kostenlos, keine Pruefung.
== 6. Live-Beweis (bis 3 Minuten)
22:25:03 smejj.com=smejj-shell-v741 wurzel-fix=1 marke-in-index=2
22:25:15 smejj.com=smejj-shell-v742 wurzel-fix=1 marke-in-index=2
FERTIG — Vollbild-Fix live (smejj.com v742). Am iPhone: App schliessen und neu oeffnen.
